 KRNL32

 Timestamp is 4c7acc3d (Sun Aug 29 17:08:13 2010)

 Preferred load address is c0000000

 Start         Length     Name                   Class
 0001:00000000 00002c95H .text                   CODE
 0002:00000000 00000704H .rdata                  DATA
 0003:00000000 00000004H .CRT$XCA                DATA
 0003:00000004 00000004H .CRT$XCZ                DATA
 0003:00000008 00000170H .data                   DATA
 0003:00000178 000008b8H .bss                    DATA
 0004:00000000 00000058H .rsrc$01                DATA
 0004:00000060 000003c0H .rsrc$02                DATA

  Address         Publics by Value              Rva+Base       Lib:Object

 0000:00000000       ___safe_se_handler_table   00000000     <absolute>
 0000:00000000       ___safe_se_handler_count   00000000     <absolute>
 0001:00000000       ?kernel_entry@@YAXPAUmultiboot_info@@@Z c0000400 f   entry.obj
 0001:00000040       ?init@@YAXPAUmultiboot_info@@@Z c0000440 f   main.obj
 0001:000001e0       ?sleep@@YAXH@Z             c00005e0 f   main.obj
 0001:00000210       ?get_cmd@@YAXPADH@Z        c0000610 f   main.obj
 0001:00000330       ?cmd_read_sect@@YAXXZ      c0000730 f   main.obj
 0001:00000400       ?run_cmd@@YA_NPAD@Z        c0000800 f   main.obj
 0001:000004d0       ?run@@YAXXZ                c00008d0 f   main.obj
 0001:00000500       ?kmain@@YAHPAUmultiboot_info@@@Z c0000900 f   main.obj
 0001:00000560       ?scroll@@YAXXZ             c0000960 f   DebugDisplay.obj
 0001:000005d0       ?DebugPutc@@YAXE@Z         c00009d0 f   DebugDisplay.obj
 0001:00000670       ?itoa@@YAXIIPAD@Z          c0000a70 f   DebugDisplay.obj
 0001:000006e0       ?DebugSetColor@@YAII@Z     c0000ae0 f   DebugDisplay.obj
 0001:00000700       ?DebugGotoXY@@YAXII@Z      c0000b00 f   DebugDisplay.obj
 0001:00000730       ?DebugGetXY@@YAXPAI0@Z     c0000b30 f   DebugDisplay.obj
 0001:00000760       ?DebugGetHorz@@YAHXZ       c0000b60 f   DebugDisplay.obj
 0001:00000770       ?DebugClrScr@@YAXE@Z       c0000b70 f   DebugDisplay.obj
 0001:000007c0       ?DebugPuts@@YAXPAD@Z       c0000bc0 f   DebugDisplay.obj
 0001:00000800       ?DebugPrintf@@YAHPBDZZ     c0000c00 f   DebugDisplay.obj
 0001:000009b0       ?divide_by_zero_fault@@YAXIIII@Z c0000db0 f   exception.obj
 0001:000009e0       ?single_step_trap@@YAXIII@Z c0000de0 f   exception.obj
 0001:00000a00       ?nmi_trap@@YAXIII@Z        c0000e00 f   exception.obj
 0001:00000a20       ?breakpoint_trap@@YAXIII@Z c0000e20 f   exception.obj
 0001:00000a40       ?overflow_trap@@YAXIII@Z   c0000e40 f   exception.obj
 0001:00000a60       ?bounds_check_fault@@YAXIII@Z c0000e60 f   exception.obj
 0001:00000a80       ?invalid_opcode_fault@@YAXIII@Z c0000e80 f   exception.obj
 0001:00000aa0       ?no_device_fault@@YAXIII@Z c0000ea0 f   exception.obj
 0001:00000ac0       ?double_fault_abort@@YAXIIII@Z c0000ec0 f   exception.obj
 0001:00000ae0       ?invalid_tss_fault@@YAXIIII@Z c0000ee0 f   exception.obj
 0001:00000b00       ?no_segment_fault@@YAXIIII@Z c0000f00 f   exception.obj
 0001:00000b20       ?stack_fault@@YAXIIII@Z    c0000f20 f   exception.obj
 0001:00000b40       ?general_protection_fault@@YAXIIII@Z c0000f40 f   exception.obj
 0001:00000b60       ?page_fault@@YAXIIII@Z     c0000f60 f   exception.obj
 0001:00000b80       ?fpu_fault@@YAXIII@Z       c0000f80 f   exception.obj
 0001:00000ba0       ?alignment_check_fault@@YAXIIII@Z c0000fa0 f   exception.obj
 0001:00000bc0       ?machine_check_abort@@YAXIII@Z c0000fc0 f   exception.obj
 0001:00000be0       ?simd_fpu_fault@@YAXIII@Z  c0000fe0 f   exception.obj
 0001:00000c00       ?pmmngr_init_region@@YAXII@Z c0001000 f   mmngr_phys.obj
 0001:00000c70       ?pmmngr_deinit_region@@YAXII@Z c0001070 f   mmngr_phys.obj
 0001:00000ce0       ?pmmngr_paging_enable@@YAX_N@Z c00010e0 f   mmngr_phys.obj
 0001:00000d10       ?pmmngr_load_PDBR@@YAXI@Z  c0001110 f   mmngr_phys.obj
 0001:00000d20       ?mmap_first_free@@YAHXZ    c0001120 f   mmngr_phys.obj
 0001:00000d70       ?mmap_first_free_s@@YAHI@Z c0001170 f   mmngr_phys.obj
 0001:00000e80       ?pmmngr_init@@YAXII@Z      c0001280 f   mmngr_phys.obj
 0001:00000ec0       ?pmmngr_alloc_block@@YAPAXXZ c00012c0 f   mmngr_phys.obj
 0001:00000f20       ?pmmngr_alloc_blocks@@YAPAXI@Z c0001320 f   mmngr_phys.obj
 0001:00000fa0       ?vmmngr_initialize@@YAXXZ  c00013a0 f   mmngr_virtual.obj
 0001:000010f0       ?kernel_panic@@YAXPBDZZ    c00014f0 f   panic.obj
 0001:00001140       ?pt_entry_add_attrib@@YAXPAII@Z c0001540 f i vmmngr_pte.obj
 0001:00001140       ?pd_entry_add_attrib@@YAXPAII@Z c0001540 f i vmmngr_pde.obj
 0001:00001150       ?pd_entry_set_frame@@YAXPAII@Z c0001550 f i vmmngr_pde.obj
 0001:00001150       ?pt_entry_set_frame@@YAXPAII@Z c0001550 f i vmmngr_pte.obj
 0001:00001170       ?kkybrd_set_leds@@YAX_N00@Z c0001570 f   keyboard:kybrd.obj
 0001:000011d0       ?kkybrd_get_last_key@@YA?AW4KEYCODE@@XZ c00015d0 f   keyboard:kybrd.obj
 0001:000011f0       ?kkybrd_discard_last_key@@YAXXZ c00015f0 f   keyboard:kybrd.obj
 0001:00001200       ?kkybrd_key_to_ascii@@YADW4KEYCODE@@@Z c0001600 f   keyboard:kybrd.obj
 0001:00001340       ?i86_kybrd_irq@@YAXXZ      c0001740 f   keyboard:kybrd.obj
 0001:00001520       ?kkybrd_install@@YAXH@Z    c0001920 f   keyboard:kybrd.obj
 0001:000015a0       ?dma_initialize_floppy@@YA_NPAEI@Z c00019a0 f   floppydisk:flpydsk.obj
 0001:00001630       ?flpydsk_set_dma@@YAXH@Z   c0001a30 f   floppydisk:flpydsk.obj
 0001:00001640       ?flpydsk_read_status@@YAEXZ c0001a40 f   floppydisk:flpydsk.obj
 0001:00001650       ?flpydsk_write_dor@@YAXE@Z c0001a50 f   floppydisk:flpydsk.obj
 0001:00001670       ?flpydsk_send_command@@YAXE@Z c0001a70 f   floppydisk:flpydsk.obj
 0001:000016b0       ?flpydsk_read_data@@YAEXZ  c0001ab0 f   floppydisk:flpydsk.obj
 0001:000016f0       ?flpydsk_write_ccr@@YAXE@Z c0001af0 f   floppydisk:flpydsk.obj
 0001:00001710       ?i86_flpy_irq@@YAXXZ       c0001b10 f   floppydisk:flpydsk.obj
 0001:00001730       ?flpydsk_check_int@@YAXPAI0@Z c0001b30 f   floppydisk:flpydsk.obj
 0001:00001760       ?flpydsk_control_motor@@YAX_N@Z c0001b60 f   floppydisk:flpydsk.obj
 0001:000017d0       ?flpydsk_drive_data@@YAXEEE_N@Z c0001bd0 f   floppydisk:flpydsk.obj
 0001:00001810       ?flpydsk_calibrate@@YAHE@Z c0001c10 f   floppydisk:flpydsk.obj
 0001:000019e0       ?flpydsk_disable_controller@@YAXXZ c0001de0 f   floppydisk:flpydsk.obj
 0001:000019f0       ?flpydsk_enable_controller@@YAXXZ c0001df0 f   floppydisk:flpydsk.obj
 0001:00001a00       ?flpydsk_reset@@YAXXZ      c0001e00 f   floppydisk:flpydsk.obj
 0001:00001ba0       ?flpydsk_read_sector_imp@@YAXEEE@Z c0001fa0 f   floppydisk:flpydsk.obj
 0001:00001d10       ?flpydsk_seek@@YAHEE@Z     c0002110 f   floppydisk:flpydsk.obj
 0001:00001ea0       ?flpydsk_lba_to_chs@@YAXHPAH00@Z c00022a0 f   floppydisk:flpydsk.obj
 0001:00001f10       ?flpydsk_install@@YAXH@Z   c0002310 f   floppydisk:flpydsk.obj
 0001:00001f50       ?flpydsk_set_working_drive@@YAXE@Z c0002350 f   floppydisk:flpydsk.obj
 0001:00001f60       ?flpydsk_get_working_drive@@YAEXZ c0002360 f   floppydisk:flpydsk.obj
 0001:00001f70       ?flpydsk_read_sector@@YAPAEH@Z c0002370 f   floppydisk:flpydsk.obj
 0001:00002060       ?Exit@@YAXXZ               c0002460 f   lib:cstd.obj
 0001:000020a0       ?InitializeConstructors@@YAXXZ c00024a0 f   lib:cstd.obj
 0001:000020e0       ?strtol@@YAJPBDPAPADH@Z    c00024e0 f   lib:stdio.obj
 0001:00002240       ?atoi@@YAHPBD@Z            c0002640 f   lib:stdio.obj
 0001:00002260       ?strcmp@@YAHPBD0@Z         c0002660 f   lib:string.obj
 0001:000022a0       ?strcpy@@YAPADPADPBD@Z     c00026a0 f   lib:string.obj
 0001:000022c0       ?strlen@@YAIPBD@Z          c00026c0 f   lib:string.obj
 0001:000022e0       ?memset@@YAPAXPAXDI@Z      c00026e0 f   lib:string.obj
 0001:00002300       ?hal_shutdown@@YAHXZ       c0002700 f   hal:Hal.obj
 0001:00002310       ?geninterrupt@@YAXH@Z      c0002710 f   hal:Hal.obj
 0001:00002330       ?inportb@@YAEG@Z           c0002730 f   hal:Hal.obj
 0001:00002340       ?outportb@@YAXGE@Z         c0002740 f   hal:Hal.obj
 0001:00002350       ?enable@@YAXXZ             c0002750 f   hal:Hal.obj
 0001:00002360       ?disable@@YAXXZ            c0002760 f   hal:Hal.obj
 0001:00002370       ?setvect@@YAXHA6AXXZ@Z     c0002770 f   hal:Hal.obj
 0001:00002390       ?getvect@@YAP6AXXZH@Z      c0002790 f   hal:Hal.obj
 0001:000023c0       ?get_cpu_vender@@YAPBDXZ   c00027c0 f   hal:Hal.obj
 0001:000023d0       ?get_tick_count@@YAHXZ     c00027d0 f   hal:Hal.obj
 0001:000023e0       ?hal_initialize@@YAHXZ     c00027e0 f   hal:Hal.obj
 0001:00002410       ?sound@@YAXI@Z             c0002810 f   hal:Hal.obj
 0001:00002430       ?interruptdone@@YAXI@Z     c0002830 f i hal:Hal.obj
 0001:00002460       ?dma_mask_channel@@YAXE@Z  c0002860 f   hal:dma.obj
 0001:000024a0       ?dma_unmask_channel@@YAXE@Z c00028a0 f   hal:dma.obj
 0001:000024d0       ?dma_unmask_all@@YAXH@Z    c00028d0 f   hal:dma.obj
 0001:000024f0       ?dma_reset@@YAXH@Z         c00028f0 f   hal:dma.obj
 0001:00002500       ?dma_reset_flipflop@@YAXH@Z c0002900 f   hal:dma.obj
 0001:00002530       ?dma_set_address@@YAXEEE@Z c0002930 f   hal:dma.obj
 0001:000025c0       ?dma_set_count@@YAXEEE@Z   c00029c0 f   hal:dma.obj
 0001:00002650       ?dma_set_mode@@YAXEE@Z     c0002a50 f   hal:dma.obj
 0001:000026c0       ?dma_set_read@@YAXE@Z      c0002ac0 f   hal:dma.obj
 0001:000026d0       ?dma_set_write@@YAXE@Z     c0002ad0 f   hal:dma.obj
 0001:000026e0       ?dma_set_external_page_register@@YAXEE@Z c0002ae0 f   hal:dma.obj
 0001:00002770       ?i86_cpu_initialize@@YAHXZ c0002b70 f   hal:cpu.obj
 0001:00002790       ?i86_cpu_shutdown@@YAXXZ   c0002b90 f   hal:cpu.obj
 0001:000027a0       ?i86_cpu_get_vender@@YAPADXZ c0002ba0 f   hal:cpu.obj
 0001:000027d0       ?i86_cpu_flush_caches@@YAXXZ c0002bd0 f   hal:cpu.obj
 0001:000027e0       ?i86_cpu_flush_caches_write@@YAXXZ c0002be0 f   hal:cpu.obj
 0001:000027f0       ?i86_cpu_flush_tlb_entry@@YAXI@Z c0002bf0 f   hal:cpu.obj
 0001:00002800       ?i86_pic_send_command@@YAXEE@Z c0002c00 f i hal:pic.obj
 0001:00002830       ?i86_pic_initialize@@YAXEE@Z c0002c30 f   hal:pic.obj
 0001:000028c0       ?i86_get_ir@@YAPAUidt_descriptor@@I@Z c0002cc0 f   hal:idt.obj
 0001:000028e0       ?i86_install_ir@@YAHIGGP6AXXZ@Z c0002ce0 f   hal:idt.obj
 0001:00002930       ?i86_idt_initialize@@YAHG@Z c0002d30 f   hal:idt.obj
 0001:000029c0       ?i86_pit_irq@@YAXXZ        c0002dc0 f   hal:pit.obj
 0001:000029e0       ?i86_pit_set_tick_count@@YAII@Z c0002de0 f   hal:pit.obj
 0001:000029f0       ?i86_pit_get_tick_count@@YAIXZ c0002df0 f   hal:pit.obj
 0001:00002a00       ?i86_pit_send_command@@YAXE@Z c0002e00 f   hal:pit.obj
 0001:00002a10       ?i86_pit_send_data@@YAXGE@Z c0002e10 f   hal:pit.obj
 0001:00002a50       ?i86_pit_read_data@@YAEG@Z c0002e50 f   hal:pit.obj
 0001:00002a80       ?i86_pit_start_counter@@YAXIEE@Z c0002e80 f   hal:pit.obj
 0001:00002ae0       ?i86_pit_initialize@@YAXXZ c0002ee0 f   hal:pit.obj
 0001:00002b00       ?i86_pit_is_initialized@@YA_NXZ c0002f00 f   hal:pit.obj
 0001:00002b20       ?gdt_set_descriptor@@YAXI_K0EE@Z c0002f20 f   hal:gdt.obj
 0001:00002bb0       ?i86_gdt_get_descriptor@@YAPAUgdt_descriptor@@H@Z c0002fb0 f   hal:gdt.obj
 0001:00002bd0       ?i86_gdt_initialize@@YAHXZ c0002fd0 f   hal:gdt.obj
 0002:00000000       ??_C@_0DB@CDMKGOAJ@?6kernel_entry?3?5shutdown?5complete@ c0003200     entry.obj
 0002:00000034       ??_C@_0L@MLJAOFLB@?6Command?$DO?5?$AA@ c0003234     main.obj
 0002:00000040       ??_C@_0CF@JJECCION@?6?$AN?$CK?$CK?$CK?5Error?5reading?5sector?5from?5@ c0003240     main.obj
 0002:00000068       ??_C@_07HLIDHFKP@?6?$ANDone?4?$AA@ c0003268     main.obj
 0002:00000070       ??_C@_0BO@OEDGIEJ@?6?$ANPress?5any?5key?5to?5continue?6?$AN?$AA@ c0003270     main.obj
 0002:00000090       ??_C@_05NLGPLALJ@0x?$CFx?5?$AA@ c0003290     main.obj
 0002:00000098       ??_C@_0BJ@ECMCOPFG@?6?$ANSector?5?$CFi?5contents?3?6?6?$AN?$AA@ c0003298     main.obj
 0002:000000b4       ??_C@_0DE@DFEJCBIF@?6?$ANPlease?5type?5in?5the?5sector?5numb@ c00032b4     main.obj
 0002:000000e8       ??_C@_0BA@CIFAFMB@?6Unkown?5command?$AA@ c00032e8     main.obj
 0002:000000f8       ??_C@_04POLDLDMI@read?$AA@ c00032f8     main.obj
 0002:00000100       ??_C@_0DG@ELCNPNPM@?5?9?5reset?3?5Resets?5and?5recalibrate@ c0003300     main.obj
 0002:00000138       ??_C@_0DJ@GPHPHACD@?5?9?5read?3?5reads?5a?5specific?5sector@ c0003338     main.obj
 0002:00000174       ??_C@_0CA@LKFEMAAC@?5?9?5help?3?5displays?5this?5message?6?$AA@ c0003374     main.obj
 0002:00000194       ??_C@_0BM@JJGNGCAH@?5?9?5cls?3?5clears?5the?5display?6?$AA@ c0003394     main.obj
 0002:000001b0       ??_C@_0CF@IDBIJBJM@?5?9?5exit?3?5quits?5and?5halts?5the?5sys@ c00033b0     main.obj
 0002:000001d8       ??_C@_0BF@EGIGJNNM@Supported?5commands?3?6?$AA@ c00033d8     main.obj
 0002:000001f0       ??_C@_0CN@PMECOBJC@?6OS?5Development?5Series?5DMAC?5Prog@ c00033f0     main.obj
 0002:00000220       ??_C@_04PCJFHION@help?$AA@ c0003420     main.obj
 0002:00000228       ??_C@_03LCPHGAHP@cls?$AA@  c0003428     main.obj
 0002:0000022c       ??_C@_04MKNBDEPB@exit?$AA@ c000342c     main.obj
 0002:00000234       ??_C@_0CE@DNKFOACM@?6Exit?5command?5recieved?$DL?5demo?5hal@ c0003434     main.obj
 0002:00000258       ??_C@_0DL@FPFEFPFC@?$CL?9?9?9?9?9?9?9?9?9?9?9?9?9?9?9?9?9?9?9?9?9?9?9?9?9?9?9?9?9?9?9@ c0003458     main.obj
 0002:00000294       ??_C@_0DF@BBBHLI@?6Type?5?$CCexit?$CC?5to?5quit?0?5?$CChelp?$CC?5for@ c0003494     main.obj
 0002:000002cc       ??_C@_0CD@EJCPNGAE@OSDev?5Series?5DMAC?5Programming?5De@ c00034cc     main.obj
 0002:000002f0       ??_C@_0EG@EFLEAAGH@Divide?5by?50?5at?5physical?5address?5@ c00034f0     exception.obj
 0002:00000338       ??_C@_0M@HBBAMPBG@Single?5step?$AA@ c0003538     exception.obj
 0002:00000344       ??_C@_08MAEPCHJN@NMI?5trap?$AA@ c0003544     exception.obj
 0002:00000350       ??_C@_0BA@MJDBKJBI@Breakpoint?5trap?$AA@ c0003550     exception.obj
 0002:00000360       ??_C@_0O@NPIPDPLG@Overflow?5trap?$AA@ c0003560     exception.obj
 0002:00000370       ??_C@_0BD@OAFDEGEK@Bounds?5check?5fault?$AA@ c0003570     exception.obj
 0002:00000384       ??_C@_0P@GJJPHHDN@Invalid?5opcode?$AA@ c0003584     exception.obj
 0002:00000394       ??_C@_0BB@KJJKIIDM@Device?5not?5found?$AA@ c0003594     exception.obj
 0002:000003a8       ??_C@_0N@EMHPBCJE@Double?5fault?$AA@ c00035a8     exception.obj
 0002:000003b8       ??_C@_0M@OLMALBPG@Invalid?5TSS?$AA@ c00035b8     exception.obj
 0002:000003c4       ??_C@_0BA@FIBIGBGL@Invalid?5segment?$AA@ c00035c4     exception.obj
 0002:000003d4       ??_C@_0M@LEEDKLOB@Stack?5fault?$AA@ c00035d4     exception.obj
 0002:000003e0       ??_C@_0BJ@JKJOCMHH@General?5Protection?5Fault?$AA@ c00035e0     exception.obj
 0002:000003fc       ??_C@_09ENEAMLC@FPU?5Fault?$AA@ c00035fc     exception.obj
 0002:00000408       ??_C@_0BA@DLJHEABO@Alignment?5Check?$AA@ c0003608     exception.obj
 0002:00000418       ??_C@_0O@LALCKNGJ@Machine?5Check?$AA@ c0003618     exception.obj
 0002:00000428       ??_C@_0P@JHGCNKG@FPU?5SIMD?5fault?$AA@ c0003628     exception.obj
 0002:00000438       ??_C@_0BJE@DIIIEOKN@?5?5?5?5?5?5?5?5?5?5?5?5?5?5?5?5?5?5?5?5?5?5?5?5?5?5?5?5?5?5?5?5@ c0003638     panic.obj
 0002:000005cc       ??_C@_0N@PFILFPHL@?$CK?$CK?$CK?5STOP?3?5?$CFs?$AA@ c00037cc     panic.obj
 0002:000005e0       ??_C@_0BCE@IIDFFEFH@We?5apologize?0?5MOS?5has?5encountere@ c00037e0     panic.obj
 0003:00000000       ?__xc_a@@3PAP6AXXZA        c0003a00     lib:cstd.obj
 0003:00000004       ?__xc_z@@3PAP6AXXZA        c0003a04     lib:cstd.obj
 0003:00000008       ?video_memory@@3PAGA       c0003a08     DebugDisplay.obj
 0003:0000000c       ?bchars@@3PADA             c0003a0c     DebugDisplay.obj
 0003:0000016c       ?DMA_BUFFER@@3HA           c0003b6c     floppydisk:flpydsk.obj
 0003:00000174       __fltused                  c0003b74     lib:cstd.obj
 0003:00000178       ?kernelSize@@3IA           c0003b78     main.obj
 0003:00000184       ?tbuf@@3PADA               c0003b84     DebugDisplay.obj
 0003:000001a4       ?cursor_x@@3EA             c0003ba4     DebugDisplay.obj
 0003:000001a5       ?cursor_y@@3EA             c0003ba5     DebugDisplay.obj
 0003:000001a6       ?_color@@3EA               c0003ba6     DebugDisplay.obj
 0003:000001b8       ?_cur_directory@@3PAUpdirectory@@A c0003bb8     mmngr_virtual.obj
 0003:000001bc       ?_cur_pdbr@@3IA            c0003bbc     mmngr_virtual.obj

 entry point at        0000:00000000

 Static symbols

 0001:000028a0       ?idt_install@@YAXXZ        c0002ca0 f   hal:idt.obj
 0001:000028b0       ?i86_default_handler@@YAXXZ c0002cb0 f   hal:idt.obj
 0001:00002b10       ?gdt_install@@YAXXZ        c0002f10 f   hal:gdt.obj
