 KRNL32

 Timestamp is 4bdb2ef8 (Fri Apr 30 15:26:48 2010)

 Preferred load address is c0000000

 Start         Length     Name                   Class
 0001:00000000 00003225H .text                   CODE
 0002:00000000 0000072aH .rdata                  DATA
 0003:00000000 00000004H .CRT$XCA                DATA
 0003:00000004 00000004H .CRT$XCZ                DATA
 0003:00000008 0000016cH .data                   DATA
 0003:00000178 00000d58H .bss                    DATA
 0004:00000000 00000058H .rsrc$01                DATA
 0004:00000060 000003c0H .rsrc$02                DATA

  Address         Publics by Value              Rva+Base       Lib:Object

 0000:00000000       ___safe_se_handler_count   00000000     <absolute>
 0000:00000000       ___safe_se_handler_table   00000000     <absolute>
 0001:00000000       ?kernel_entry@@YAXPAUmultiboot_info@@@Z c0000400 f   entry.obj
 0001:00000040       ?init@@YAXPAUmultiboot_info@@@Z c0000440 f   main.obj
 0001:000001d0       ?sleep@@YAXH@Z             c00005d0 f   main.obj
 0001:00000200       ?get_cmd@@YAXPADH@Z        c0000600 f   main.obj
 0001:00000320       ?cmd_read@@YAXXZ           c0000720 f   main.obj
 0001:00000450       ?run_cmd@@YA_NPAD@Z        c0000850 f   main.obj
 0001:00000520       ?run@@YAXXZ                c0000920 f   main.obj
 0001:00000550       ?kmain@@YAHPAUmultiboot_info@@@Z c0000950 f   main.obj
 0001:000005b0       ?scroll@@YAXXZ             c00009b0 f   DebugDisplay.obj
 0001:00000620       ?DebugPutc@@YAXE@Z         c0000a20 f   DebugDisplay.obj
 0001:000006c0       ?itoa@@YAXIIPAD@Z          c0000ac0 f   DebugDisplay.obj
 0001:00000730       ?DebugSetColor@@YAII@Z     c0000b30 f   DebugDisplay.obj
 0001:00000750       ?DebugGotoXY@@YAXII@Z      c0000b50 f   DebugDisplay.obj
 0001:00000780       ?DebugGetXY@@YAXPAI0@Z     c0000b80 f   DebugDisplay.obj
 0001:000007b0       ?DebugGetHorz@@YAHXZ       c0000bb0 f   DebugDisplay.obj
 0001:000007c0       ?DebugClrScr@@YAXE@Z       c0000bc0 f   DebugDisplay.obj
 0001:00000810       ?DebugPuts@@YAXPAD@Z       c0000c10 f   DebugDisplay.obj
 0001:00000850       ?DebugPrintf@@YAHPBDZZ     c0000c50 f   DebugDisplay.obj
 0001:00000a00       ?divide_by_zero_fault@@YAXIIII@Z c0000e00 f   exception.obj
 0001:00000a30       ?single_step_trap@@YAXIII@Z c0000e30 f   exception.obj
 0001:00000a50       ?nmi_trap@@YAXIII@Z        c0000e50 f   exception.obj
 0001:00000a70       ?breakpoint_trap@@YAXIII@Z c0000e70 f   exception.obj
 0001:00000a90       ?overflow_trap@@YAXIII@Z   c0000e90 f   exception.obj
 0001:00000ab0       ?bounds_check_fault@@YAXIII@Z c0000eb0 f   exception.obj
 0001:00000ad0       ?invalid_opcode_fault@@YAXIII@Z c0000ed0 f   exception.obj
 0001:00000af0       ?no_device_fault@@YAXIII@Z c0000ef0 f   exception.obj
 0001:00000b10       ?double_fault_abort@@YAXIIII@Z c0000f10 f   exception.obj
 0001:00000b30       ?invalid_tss_fault@@YAXIIII@Z c0000f30 f   exception.obj
 0001:00000b50       ?no_segment_fault@@YAXIIII@Z c0000f50 f   exception.obj
 0001:00000b70       ?stack_fault@@YAXIIII@Z    c0000f70 f   exception.obj
 0001:00000b90       ?general_protection_fault@@YAXIIII@Z c0000f90 f   exception.obj
 0001:00000bb0       ?page_fault@@YAXIIII@Z     c0000fb0 f   exception.obj
 0001:00000bd0       ?fpu_fault@@YAXIII@Z       c0000fd0 f   exception.obj
 0001:00000bf0       ?alignment_check_fault@@YAXIIII@Z c0000ff0 f   exception.obj
 0001:00000c10       ?machine_check_abort@@YAXIII@Z c0001010 f   exception.obj
 0001:00000c30       ?simd_fpu_fault@@YAXIII@Z  c0001030 f   exception.obj
 0001:00000c50       ?volOpenFile@@YA?AU_FILE@@PBD@Z c0001050 f   fsys.obj
 0001:00000cc0       ?volReadFile@@YAXPAU_FILE@@PAEI@Z c00010c0 f   fsys.obj
 0001:00000ce0       ?volRegisterFileSystem@@YAXPAU_FILE_SYSTEM@@I@Z c00010e0 f   fsys.obj
 0001:00000d10       ?pmmngr_init_region@@YAXII@Z c0001110 f   mmngr_phys.obj
 0001:00000d80       ?pmmngr_deinit_region@@YAXII@Z c0001180 f   mmngr_phys.obj
 0001:00000df0       ?pmmngr_paging_enable@@YAX_N@Z c00011f0 f   mmngr_phys.obj
 0001:00000e20       ?pmmngr_load_PDBR@@YAXI@Z  c0001220 f   mmngr_phys.obj
 0001:00000e30       ?mmap_first_free@@YAHXZ    c0001230 f   mmngr_phys.obj
 0001:00000e80       ?mmap_first_free_s@@YAHI@Z c0001280 f   mmngr_phys.obj
 0001:00000f90       ?pmmngr_init@@YAXII@Z      c0001390 f   mmngr_phys.obj
 0001:00000fd0       ?pmmngr_alloc_block@@YAPAXXZ c00013d0 f   mmngr_phys.obj
 0001:00001030       ?pmmngr_alloc_blocks@@YAPAXI@Z c0001430 f   mmngr_phys.obj
 0001:000010b0       ?vmmngr_initialize@@YAXXZ  c00014b0 f   mmngr_virtual.obj
 0001:00001180       ?kernel_panic@@YAXPBDZZ    c0001580 f   panic.obj
 0001:000011d0       ?pt_entry_set_frame@@YAXPAII@Z c00015d0 f i vmmngr_pte.obj
 0001:000011d0       ?pd_entry_set_frame@@YAXPAII@Z c00015d0 f i vmmngr_pde.obj
 0001:000011f0       ?pt_entry_add_attrib@@YAXPAII@Z c00015f0 f i vmmngr_pte.obj
 0001:000011f0       ?pd_entry_add_attrib@@YAXPAII@Z c00015f0 f i vmmngr_pde.obj
 0001:00001200       ?kkybrd_set_leds@@YAX_N00@Z c0001600 f   keyboard:kybrd.obj
 0001:00001260       ?kkybrd_get_last_key@@YA?AW4KEYCODE@@XZ c0001660 f   keyboard:kybrd.obj
 0001:00001280       ?kkybrd_discard_last_key@@YAXXZ c0001680 f   keyboard:kybrd.obj
 0001:00001290       ?kkybrd_key_to_ascii@@YADW4KEYCODE@@@Z c0001690 f   keyboard:kybrd.obj
 0001:000013d0       ?i86_kybrd_irq@@YAXXZ      c00017d0 f   keyboard:kybrd.obj
 0001:000015b0       ?kkybrd_install@@YAXH@Z    c00019b0 f   keyboard:kybrd.obj
 0001:00001630       ?dma_initialize_floppy@@YA_NPAEI@Z c0001a30 f   floppydisk:flpydsk.obj
 0001:000016c0       ?flpydsk_read_status@@YAEXZ c0001ac0 f   floppydisk:flpydsk.obj
 0001:000016d0       ?flpydsk_write_dor@@YAXE@Z c0001ad0 f   floppydisk:flpydsk.obj
 0001:000016f0       ?flpydsk_send_command@@YAXE@Z c0001af0 f   floppydisk:flpydsk.obj
 0001:00001730       ?flpydsk_read_data@@YAEXZ  c0001b30 f   floppydisk:flpydsk.obj
 0001:00001770       ?flpydsk_write_ccr@@YAXE@Z c0001b70 f   floppydisk:flpydsk.obj
 0001:00001790       ?i86_flpy_irq@@YAXXZ       c0001b90 f   floppydisk:flpydsk.obj
 0001:000017b0       ?flpydsk_check_int@@YAXPAI0@Z c0001bb0 f   floppydisk:flpydsk.obj
 0001:000017e0       ?flpydsk_control_motor@@YAX_N@Z c0001be0 f   floppydisk:flpydsk.obj
 0001:00001850       ?flpydsk_drive_data@@YAXEEE_N@Z c0001c50 f   floppydisk:flpydsk.obj
 0001:00001890       ?flpydsk_calibrate@@YAHE@Z c0001c90 f   floppydisk:flpydsk.obj
 0001:00001a60       ?flpydsk_disable_controller@@YAXXZ c0001e60 f   floppydisk:flpydsk.obj
 0001:00001a70       ?flpydsk_enable_controller@@YAXXZ c0001e70 f   floppydisk:flpydsk.obj
 0001:00001a80       ?flpydsk_reset@@YAXXZ      c0001e80 f   floppydisk:flpydsk.obj
 0001:00001c20       ?flpydsk_read_sector_imp@@YAXEEE@Z c0002020 f   floppydisk:flpydsk.obj
 0001:00001d90       ?flpydsk_seek@@YAHEE@Z     c0002190 f   floppydisk:flpydsk.obj
 0001:00001f20       ?flpydsk_lba_to_chs@@YAXHPAH00@Z c0002320 f   floppydisk:flpydsk.obj
 0001:00001f90       ?flpydsk_install@@YAXH@Z   c0002390 f   floppydisk:flpydsk.obj
 0001:00001fd0       ?flpydsk_set_working_drive@@YAXE@Z c00023d0 f   floppydisk:flpydsk.obj
 0001:00001fe0       ?flpydsk_get_working_drive@@YAEXZ c00023e0 f   floppydisk:flpydsk.obj
 0001:00001ff0       ?flpydsk_read_sector@@YAPAEH@Z c00023f0 f   floppydisk:flpydsk.obj
 0001:000020e0       ?ToDosFileName@@YAXPBDPADI@Z c00024e0 f   fat12:fat12.obj
 0001:00002200       ?fsysFatDirectory@@YA?AU_FILE@@PBD@Z c0002600 f   fat12:fat12.obj
 0001:000022d0       ?fsysFatRead@@YAXPAU_FILE@@PAEI@Z c00026d0 f   fat12:fat12.obj
 0001:00002390       ?fsysFatClose@@YAXPAU_FILE@@@Z c0002790 f   fat12:fat12.obj
 0001:000023a0       ?fsysFatOpenSubDir@@YA?AU_FILE@@U1@PBD@Z c00027a0 f   fat12:fat12.obj
 0001:00002490       ?fsysFatOpen@@YA?AU_FILE@@PBD@Z c0002890 f   fat12:fat12.obj
 0001:00002640       ?fsysFatMount@@YAXXZ       c0002a40 f   fat12:fat12.obj
 0001:000026b0       ?fsysFatInitialize@@YAXXZ  c0002ab0 f   fat12:fat12.obj
 0001:00002710       ?Exit@@YAXXZ               c0002b10 f   lib:cstd.obj
 0001:00002750       ?InitializeConstructors@@YAXXZ c0002b50 f   lib:cstd.obj
 0001:00002790       ?strcmp@@YAHPBD0@Z         c0002b90 f   lib:string.obj
 0001:000027d0       ?strcpy@@YAPADPADPBD@Z     c0002bd0 f   lib:string.obj
 0001:000027f0       ?strlen@@YAIPBD@Z          c0002bf0 f   lib:string.obj
 0001:00002810       ?memcpy@@YAPAXPAXPBXI@Z    c0002c10 f   lib:string.obj
 0001:00002840       ?memset@@YAPAXPAXDI@Z      c0002c40 f   lib:string.obj
 0001:00002860       ?strchr@@YAPADPADH@Z       c0002c60 f   lib:string.obj
 0001:00002890       ?hal_shutdown@@YAHXZ       c0002c90 f   hal:Hal.obj
 0001:000028a0       ?geninterrupt@@YAXH@Z      c0002ca0 f   hal:Hal.obj
 0001:000028c0       ?inportb@@YAEG@Z           c0002cc0 f   hal:Hal.obj
 0001:000028d0       ?outportb@@YAXGE@Z         c0002cd0 f   hal:Hal.obj
 0001:000028e0       ?enable@@YAXXZ             c0002ce0 f   hal:Hal.obj
 0001:000028f0       ?disable@@YAXXZ            c0002cf0 f   hal:Hal.obj
 0001:00002900       ?setvect@@YAXHA6AXXZ@Z     c0002d00 f   hal:Hal.obj
 0001:00002920       ?getvect@@YAP6AXXZH@Z      c0002d20 f   hal:Hal.obj
 0001:00002950       ?get_cpu_vender@@YAPBDXZ   c0002d50 f   hal:Hal.obj
 0001:00002960       ?get_tick_count@@YAHXZ     c0002d60 f   hal:Hal.obj
 0001:00002970       ?hal_initialize@@YAHXZ     c0002d70 f   hal:Hal.obj
 0001:000029a0       ?sound@@YAXI@Z             c0002da0 f   hal:Hal.obj
 0001:000029c0       ?interruptdone@@YAXI@Z     c0002dc0 f i hal:Hal.obj
 0001:000029f0       ?dma_mask_channel@@YAXE@Z  c0002df0 f   hal:dma.obj
 0001:00002a30       ?dma_unmask_channel@@YAXE@Z c0002e30 f   hal:dma.obj
 0001:00002a60       ?dma_unmask_all@@YAXH@Z    c0002e60 f   hal:dma.obj
 0001:00002a80       ?dma_reset@@YAXH@Z         c0002e80 f   hal:dma.obj
 0001:00002a90       ?dma_reset_flipflop@@YAXH@Z c0002e90 f   hal:dma.obj
 0001:00002ac0       ?dma_set_address@@YAXEEE@Z c0002ec0 f   hal:dma.obj
 0001:00002b50       ?dma_set_count@@YAXEEE@Z   c0002f50 f   hal:dma.obj
 0001:00002be0       ?dma_set_mode@@YAXEE@Z     c0002fe0 f   hal:dma.obj
 0001:00002c50       ?dma_set_read@@YAXE@Z      c0003050 f   hal:dma.obj
 0001:00002c60       ?dma_set_write@@YAXE@Z     c0003060 f   hal:dma.obj
 0001:00002c70       ?dma_set_external_page_register@@YAXEE@Z c0003070 f   hal:dma.obj
 0001:00002d00       ?i86_cpu_initialize@@YAHXZ c0003100 f   hal:cpu.obj
 0001:00002d20       ?i86_cpu_shutdown@@YAXXZ   c0003120 f   hal:cpu.obj
 0001:00002d30       ?i86_cpu_get_vender@@YAPADXZ c0003130 f   hal:cpu.obj
 0001:00002d60       ?i86_cpu_flush_caches@@YAXXZ c0003160 f   hal:cpu.obj
 0001:00002d70       ?i86_cpu_flush_caches_write@@YAXXZ c0003170 f   hal:cpu.obj
 0001:00002d80       ?i86_cpu_flush_tlb_entry@@YAXI@Z c0003180 f   hal:cpu.obj
 0001:00002d90       ?i86_pic_send_command@@YAXEE@Z c0003190 f i hal:pic.obj
 0001:00002dc0       ?i86_pic_initialize@@YAXEE@Z c00031c0 f   hal:pic.obj
 0001:00002e50       ?i86_get_ir@@YAPAUidt_descriptor@@I@Z c0003250 f   hal:idt.obj
 0001:00002e70       ?i86_install_ir@@YAHIGGP6AXXZ@Z c0003270 f   hal:idt.obj
 0001:00002ec0       ?i86_idt_initialize@@YAHG@Z c00032c0 f   hal:idt.obj
 0001:00002f50       ?i86_pit_irq@@YAXXZ        c0003350 f   hal:pit.obj
 0001:00002f70       ?i86_pit_set_tick_count@@YAII@Z c0003370 f   hal:pit.obj
 0001:00002f80       ?i86_pit_get_tick_count@@YAIXZ c0003380 f   hal:pit.obj
 0001:00002f90       ?i86_pit_send_command@@YAXE@Z c0003390 f   hal:pit.obj
 0001:00002fa0       ?i86_pit_send_data@@YAXGE@Z c00033a0 f   hal:pit.obj
 0001:00002fe0       ?i86_pit_read_data@@YAEG@Z c00033e0 f   hal:pit.obj
 0001:00003010       ?i86_pit_start_counter@@YAXIEE@Z c0003410 f   hal:pit.obj
 0001:00003070       ?i86_pit_initialize@@YAXXZ c0003470 f   hal:pit.obj
 0001:00003090       ?i86_pit_is_initialized@@YA_NXZ c0003490 f   hal:pit.obj
 0001:000030b0       ?gdt_set_descriptor@@YAXI_K0EE@Z c00034b0 f   hal:gdt.obj
 0001:00003140       ?i86_gdt_get_descriptor@@YAPAUgdt_descriptor@@H@Z c0003540 f   hal:gdt.obj
 0001:00003160       ?i86_gdt_initialize@@YAHXZ c0003560 f   hal:gdt.obj
 0002:00000000       ??_C@_0DB@CDMKGOAJ@?6kernel_entry?3?5shutdown?5complete@ c0003800     entry.obj
 0002:00000034       ??_C@_0L@MLJAOFLB@?6Command?$DO?5?$AA@ c0003834     main.obj
 0002:00000040       ??_C@_0BJ@LNKPBMBK@?6?6?$AN?9?9?9?9?9?9?9?9?$FLEOF?$FN?9?9?9?9?9?9?9?9?$AA@ c0003840     main.obj
 0002:0000005c       ??_C@_01LIIJDEN@?$AN?$AA@  c000385c     main.obj
 0002:00000060       ??_C@_0CI@JJFNBDFN@?6?$AN?9?9?9?9?9?9?$FLPress?5a?5key?5to?5continue@ c0003860     main.obj
 0002:00000088       ??_C@_0BI@HJCCHEDJ@?6?6?$AN?9?9?9?9?9?9?9?$FL?$CFs?$FN?9?9?9?9?9?9?9?6?$AN?$AA@ c0003888     main.obj
 0002:000000a0       ??_C@_0CL@IGCEHKEF@?6?$ANUnable?5to?5display?5contents?5of?5@ c00038a0     main.obj
 0002:000000cc       ??_C@_0BG@NPMCOBMK@?6?$ANUnable?5to?5open?5file?$AA@ c00038cc     main.obj
 0002:000000e8       ??_C@_0EC@DJBDFLOM@?6?$ANex?3?5?$CCfile?4txt?$CC?0?5?$CCa?3?2file?4txt?$CC?0@ c00038e8     main.obj
 0002:0000012c       ??_C@_0BA@CIFAFMB@?6Unkown?5command?$AA@ c000392c     main.obj
 0002:0000013c       ??_C@_04POLDLDMI@read?$AA@ c000393c     main.obj
 0002:00000144       ??_C@_0DG@ELCNPNPM@?5?9?5reset?3?5Resets?5and?5recalibrate@ c0003944     main.obj
 0002:0000017c       ??_C@_0BH@DPOPOKJD@?5?9?5read?3?5reads?5a?5file?6?$AA@ c000397c     main.obj
 0002:00000194       ??_C@_0CA@LKFEMAAC@?5?9?5help?3?5displays?5this?5message?6?$AA@ c0003994     main.obj
 0002:000001b4       ??_C@_0BM@JJGNGCAH@?5?9?5cls?3?5clears?5the?5display?6?$AA@ c00039b4     main.obj
 0002:000001d0       ??_C@_0CF@IDBIJBJM@?5?9?5exit?3?5quits?5and?5halts?5the?5sys@ c00039d0     main.obj
 0002:000001f8       ??_C@_0BF@EGIGJNNM@Supported?5commands?3?6?$AA@ c00039f8     main.obj
 0002:00000210       ??_C@_0CM@OONCOEFG@?6OS?5Development?5Series?5VFS?5Progr@ c0003a10     main.obj
 0002:0000023c       ??_C@_04PCJFHION@help?$AA@ c0003a3c     main.obj
 0002:00000244       ??_C@_03LCPHGAHP@cls?$AA@  c0003a44     main.obj
 0002:00000248       ??_C@_04MKNBDEPB@exit?$AA@ c0003a48     main.obj
 0002:00000250       ??_C@_0CE@DNKFOACM@?6Exit?5command?5recieved?$DL?5demo?5hal@ c0003a50     main.obj
 0002:00000274       ??_C@_0DL@FPFEFPFC@?$CL?9?9?9?9?9?9?9?9?9?9?9?9?9?9?9?9?9?9?9?9?9?9?9?9?9?9?9?9?9?9?9@ c0003a74     main.obj
 0002:000002b0       ??_C@_0DF@BBBHLI@?6Type?5?$CCexit?$CC?5to?5quit?0?5?$CChelp?$CC?5for@ c0003ab0     main.obj
 0002:000002e8       ??_C@_0CC@FDCKEDOL@OSDev?5Series?5VFS?5Programming?5Dem@ c0003ae8     main.obj
 0002:00000310       ??_C@_0EG@EFLEAAGH@Divide?5by?50?5at?5physical?5address?5@ c0003b10     exception.obj
 0002:00000358       ??_C@_0M@HBBAMPBG@Single?5step?$AA@ c0003b58     exception.obj
 0002:00000364       ??_C@_08MAEPCHJN@NMI?5trap?$AA@ c0003b64     exception.obj
 0002:00000370       ??_C@_0BA@MJDBKJBI@Breakpoint?5trap?$AA@ c0003b70     exception.obj
 0002:00000380       ??_C@_0O@NPIPDPLG@Overflow?5trap?$AA@ c0003b80     exception.obj
 0002:00000390       ??_C@_0BD@OAFDEGEK@Bounds?5check?5fault?$AA@ c0003b90     exception.obj
 0002:000003a4       ??_C@_0P@GJJPHHDN@Invalid?5opcode?$AA@ c0003ba4     exception.obj
 0002:000003b4       ??_C@_0BB@KJJKIIDM@Device?5not?5found?$AA@ c0003bb4     exception.obj
 0002:000003c8       ??_C@_0N@EMHPBCJE@Double?5fault?$AA@ c0003bc8     exception.obj
 0002:000003d8       ??_C@_0M@OLMALBPG@Invalid?5TSS?$AA@ c0003bd8     exception.obj
 0002:000003e4       ??_C@_0BA@FIBIGBGL@Invalid?5segment?$AA@ c0003be4     exception.obj
 0002:000003f4       ??_C@_0M@LEEDKLOB@Stack?5fault?$AA@ c0003bf4     exception.obj
 0002:00000400       ??_C@_0BJ@JKJOCMHH@General?5Protection?5Fault?$AA@ c0003c00     exception.obj
 0002:0000041c       ??_C@_09ENEAMLC@FPU?5Fault?$AA@ c0003c1c     exception.obj
 0002:00000428       ??_C@_0BA@DLJHEABO@Alignment?5Check?$AA@ c0003c28     exception.obj
 0002:00000438       ??_C@_0O@LALCKNGJ@Machine?5Check?$AA@ c0003c38     exception.obj
 0002:00000448       ??_C@_0P@JHGCNKG@FPU?5SIMD?5fault?$AA@ c0003c48     exception.obj
 0002:00000458       ??_C@_0BJE@DIIIEOKN@?5?5?5?5?5?5?5?5?5?5?5?5?5?5?5?5?5?5?5?5?5?5?5?5?5?5?5?5?5?5?5?5@ c0003c58     panic.obj
 0002:000005ec       ??_C@_0N@PFILFPHL@?$CK?$CK?$CK?5STOP?3?5?$CFs?$AA@ c0003dec     panic.obj
 0002:00000600       ??_C@_0BCE@IIDFFEFH@We?5apologize?0?5MOS?5has?5encountere@ c0003e00     panic.obj
 0002:00000724       ??_C@_05HOBJIFPH@FAT12?$AA@ c0003f24     fat12:fat12.obj
 0003:00000000       ?__xc_a@@3PAP6AXXZA        c0004000     lib:cstd.obj
 0003:00000004       ?__xc_z@@3PAP6AXXZA        c0004004     lib:cstd.obj
 0003:00000008       ?video_memory@@3PAGA       c0004008     DebugDisplay.obj
 0003:0000000c       ?bchars@@3PADA             c000400c     DebugDisplay.obj
 0003:00000170       __fltused                  c0004170     lib:cstd.obj
 0003:00000178       ?kernelSize@@3IA           c0004178     main.obj
 0003:00000184       ?tbuf@@3PADA               c0004184     DebugDisplay.obj
 0003:000001a4       ?cursor_x@@3EA             c00041a4     DebugDisplay.obj
 0003:000001a5       ?cursor_y@@3EA             c00041a5     DebugDisplay.obj
 0003:000001a6       ?_color@@3EA               c00041a6     DebugDisplay.obj
 0003:000001a8       ?_FileSystems@@3PAPAU_FILE_SYSTEM@@A c00041a8     fsys.obj
 0003:00000224       ?_cur_directory@@3PAUpdirectory@@A c0004224     mmngr_virtual.obj
 0003:00000228       ?_cur_pdbr@@3IA            c0004228     mmngr_virtual.obj
 0003:00000240       ?_MountInfo@@3U_MOUNT_INFO@@A c0004240     fat12:fat12.obj
 0003:0000025c       ?_FSysFat@@3U_FILE_SYSTEM@@A c000425c     fat12:fat12.obj
 0003:00000278       ?FAT@@3PAEA                c0004278     fat12:fat12.obj

 entry point at        0000:00000000

 Static symbols

 0001:00002e30       ?idt_install@@YAXXZ        c0003230 f   hal:idt.obj
 0001:00002e40       ?i86_default_handler@@YAXXZ c0003240 f   hal:idt.obj
 0001:000030a0       ?gdt_install@@YAXXZ        c00034a0 f   hal:gdt.obj
