 KRNL32

 Timestamp is 4c4e1fd3 (Mon Jul 26 19:52:51 2010)

 Preferred load address is c0000000

 Start         Length     Name                   Class
 0001:00000000 00001255H .text                   CODE
 0002:00000000 0000054cH .rdata                  DATA
 0003:00000000 00000004H .CRT$XCA                DATA
 0003:00000004 00000004H .CRT$XCZ                DATA
 0003:00000008 00000030H .data                   DATA
 0003:00000038 00000880H .bss                    DATA
 0004:00000000 00000058H .rsrc$01                DATA
 0004:00000060 000003c0H .rsrc$02                DATA

  Address         Publics by Value              Rva+Base       Lib:Object

 0000:00000000       ___safe_se_handler_count   00000000     <absolute>
 0000:00000000       ___safe_se_handler_table   00000000     <absolute>
 0001:00000000       ?kernel_entry@@YAXPAUmultiboot_info@@@Z c0000400 f   entry.obj
 0001:00000040       ?kmain@@YAHPAUmultiboot_info@@@Z c0000440 f   main.obj
 0001:00000230       ?DebugPutc@@YAXE@Z         c0000630 f   DebugDisplay.obj
 0001:000002d0       ?itoa@@YAXIIPAD@Z          c00006d0 f   DebugDisplay.obj
 0001:00000340       ?DebugSetColor@@YAII@Z     c0000740 f   DebugDisplay.obj
 0001:00000360       ?DebugGotoXY@@YAXII@Z      c0000760 f   DebugDisplay.obj
 0001:00000390       ?DebugClrScr@@YAXE@Z       c0000790 f   DebugDisplay.obj
 0001:000003e0       ?DebugPuts@@YAXPAD@Z       c00007e0 f   DebugDisplay.obj
 0001:00000420       ?DebugPrintf@@YAHPBDZZ     c0000820 f   DebugDisplay.obj
 0001:000005d0       ?divide_by_zero_fault@@YAXIIII@Z c00009d0 f   exception.obj
 0001:00000600       ?single_step_trap@@YAXIII@Z c0000a00 f   exception.obj
 0001:00000620       ?nmi_trap@@YAXIII@Z        c0000a20 f   exception.obj
 0001:00000640       ?breakpoint_trap@@YAXIII@Z c0000a40 f   exception.obj
 0001:00000660       ?overflow_trap@@YAXIII@Z   c0000a60 f   exception.obj
 0001:00000680       ?bounds_check_fault@@YAXIII@Z c0000a80 f   exception.obj
 0001:000006a0       ?invalid_opcode_fault@@YAXIII@Z c0000aa0 f   exception.obj
 0001:000006c0       ?no_device_fault@@YAXIII@Z c0000ac0 f   exception.obj
 0001:000006e0       ?double_fault_abort@@YAXIIII@Z c0000ae0 f   exception.obj
 0001:00000700       ?invalid_tss_fault@@YAXIIII@Z c0000b00 f   exception.obj
 0001:00000720       ?no_segment_fault@@YAXIIII@Z c0000b20 f   exception.obj
 0001:00000740       ?stack_fault@@YAXIIII@Z    c0000b40 f   exception.obj
 0001:00000760       ?general_protection_fault@@YAXIIII@Z c0000b60 f   exception.obj
 0001:00000780       ?page_fault@@YAXIIII@Z     c0000b80 f   exception.obj
 0001:000007a0       ?fpu_fault@@YAXIII@Z       c0000ba0 f   exception.obj
 0001:000007c0       ?alignment_check_fault@@YAXIIII@Z c0000bc0 f   exception.obj
 0001:000007e0       ?machine_check_abort@@YAXIII@Z c0000be0 f   exception.obj
 0001:00000800       ?simd_fpu_fault@@YAXIII@Z  c0000c00 f   exception.obj
 0001:00000820       ?pmmngr_init_region@@YAXII@Z c0000c20 f   mmngr_phys.obj
 0001:00000890       ?pmmngr_deinit_region@@YAXII@Z c0000c90 f   mmngr_phys.obj
 0001:00000900       ?pmmngr_get_block_count@@YAIXZ c0000d00 f   mmngr_phys.obj
 0001:00000910       ?pmmngr_get_block_size@@YAIXZ c0000d10 f   mmngr_phys.obj
 0001:00000920       ?pmmngr_paging_enable@@YAX_N@Z c0000d20 f   mmngr_phys.obj
 0001:00000950       ?pmmngr_load_PDBR@@YAXI@Z  c0000d50 f   mmngr_phys.obj
 0001:00000960       ?mmap_first_free@@YAHXZ    c0000d60 f   mmngr_phys.obj
 0001:000009b0       ?mmap_first_free_s@@YAHI@Z c0000db0 f   mmngr_phys.obj
 0001:00000ac0       ?pmmngr_init@@YAXII@Z      c0000ec0 f   mmngr_phys.obj
 0001:00000b00       ?pmmngr_alloc_block@@YAPAXXZ c0000f00 f   mmngr_phys.obj
 0001:00000b60       ?pmmngr_alloc_blocks@@YAPAXI@Z c0000f60 f   mmngr_phys.obj
 0001:00000be0       ?vmmngr_initialize@@YAXXZ  c0000fe0 f   mmngr_virtual.obj
 0001:00000d30       ?kernel_panic@@YAXPBDZZ    c0001130 f   panic.obj
 0001:00000d80       ?pt_entry_add_attrib@@YAXPAII@Z c0001180 f i vmmngr_pte.obj
 0001:00000d80       ?pd_entry_add_attrib@@YAXPAII@Z c0001180 f i vmmngr_pde.obj
 0001:00000d90       ?pd_entry_set_frame@@YAXPAII@Z c0001190 f i vmmngr_pde.obj
 0001:00000d90       ?pt_entry_set_frame@@YAXPAII@Z c0001190 f i vmmngr_pte.obj
 0001:00000db0       ?Exit@@YAXXZ               c00011b0 f   Lib:cstd.obj
 0001:00000df0       ?InitializeConstructors@@YAXXZ c00011f0 f   Lib:cstd.obj
 0001:00000e30       ?strcpy@@YAPADPADPBD@Z     c0001230 f   Lib:string.obj
 0001:00000e50       ?strlen@@YAIPBD@Z          c0001250 f   Lib:string.obj
 0001:00000e70       ?memset@@YAPAXPAXDI@Z      c0001270 f   Lib:string.obj
 0001:00000e90       ?interruptdone@@YAXI@Z     c0001290 f i Hal:Hal.obj
 0001:00000ec0       ?outportb@@YAXGE@Z         c00012c0 f   Hal:Hal.obj
 0001:00000ed0       ?enable@@YAXXZ             c00012d0 f   Hal:Hal.obj
 0001:00000ee0       ?disable@@YAXXZ            c00012e0 f   Hal:Hal.obj
 0001:00000ef0       ?setvect@@YAXHA6AXXZ@Z     c00012f0 f   Hal:Hal.obj
 0001:00000f10       ?hal_initialize@@YAHXZ     c0001310 f   Hal:Hal.obj
 0001:00000f40       ?i86_cpu_initialize@@YAHXZ c0001340 f   Hal:cpu.obj
 0001:00000f60       ?i86_pic_send_command@@YAXEE@Z c0001360 f i Hal:pic.obj
 0001:00000f90       ?i86_pic_initialize@@YAXEE@Z c0001390 f   Hal:pic.obj
 0001:00001010       ?i86_install_ir@@YAHIGGP6AXXZ@Z c0001410 f   Hal:idt.obj
 0001:00001060       ?i86_idt_initialize@@YAHG@Z c0001460 f   Hal:idt.obj
 0001:000010f0       ?i86_pit_irq@@YAXXZ        c00014f0 f   Hal:pit.obj
 0001:00001110       ?i86_pit_start_counter@@YAXIEE@Z c0001510 f   Hal:pit.obj
 0001:00001170       ?i86_pit_initialize@@YAXXZ c0001570 f   Hal:pit.obj
 0001:00001190       ?i86_gdt_initialize@@YAHXZ c0001590 f   Hal:gdt.obj
 0002:00000000       ??_C@_0DB@CDMKGOAJ@?6kernel_entry?3?5shutdown?5complete@ c0001800     entry.obj
 0002:00000034       ??_C@_0BA@BJOBDCJI@ACPI?5NVS?5Memory?$AA@ c0001834     main.obj
 0002:00000044       ??_C@_0N@EHGNOCNM@ACPI?5Reclaim?$AA@ c0001844     main.obj
 0002:00000054       ??_C@_08NKCLJDKG@Reserved?$AA@ c0001854     main.obj
 0002:00000060       ??_C@_09PPNHOLKJ@Available?$AA@ c0001860     main.obj
 0002:00000070       ??_C@_0EE@BMIFCEFB@pmm?5regions?5initialized?3?5?$CFi?5allo@ c0001870     main.obj
 0002:000000b4       ??_C@_0DP@JJEEKKOB@region?5?$CFi?3?5start?3?50x?$CFx?$CFx?5length?5@ c00018b4     main.obj
 0002:000000f4       ??_C@_0BM@OKMPOHFB@pmm?5initialized?5with?5?$CFi?5KB?6?$AA@ c00018f4     main.obj
 0002:00000110       ??_C@_0CB@DPILNDKG@M?4O?4S?4?5Kernel?5is?5starting?5up?4?4?4?6@ c0001910     main.obj
 0002:00000138       ??_C@_0EG@EFLEAAGH@Divide?5by?50?5at?5physical?5address?5@ c0001938     exception.obj
 0002:00000180       ??_C@_0M@HBBAMPBG@Single?5step?$AA@ c0001980     exception.obj
 0002:0000018c       ??_C@_08MAEPCHJN@NMI?5trap?$AA@ c000198c     exception.obj
 0002:00000198       ??_C@_0BA@MJDBKJBI@Breakpoint?5trap?$AA@ c0001998     exception.obj
 0002:000001a8       ??_C@_0O@NPIPDPLG@Overflow?5trap?$AA@ c00019a8     exception.obj
 0002:000001b8       ??_C@_0BD@OAFDEGEK@Bounds?5check?5fault?$AA@ c00019b8     exception.obj
 0002:000001cc       ??_C@_0P@GJJPHHDN@Invalid?5opcode?$AA@ c00019cc     exception.obj
 0002:000001dc       ??_C@_0BB@KJJKIIDM@Device?5not?5found?$AA@ c00019dc     exception.obj
 0002:000001f0       ??_C@_0N@EMHPBCJE@Double?5fault?$AA@ c00019f0     exception.obj
 0002:00000200       ??_C@_0M@OLMALBPG@Invalid?5TSS?$AA@ c0001a00     exception.obj
 0002:0000020c       ??_C@_0BA@FIBIGBGL@Invalid?5segment?$AA@ c0001a0c     exception.obj
 0002:0000021c       ??_C@_0M@LEEDKLOB@Stack?5fault?$AA@ c0001a1c     exception.obj
 0002:00000228       ??_C@_0BJ@JKJOCMHH@General?5Protection?5Fault?$AA@ c0001a28     exception.obj
 0002:00000244       ??_C@_09ENEAMLC@FPU?5Fault?$AA@ c0001a44     exception.obj
 0002:00000250       ??_C@_0BA@DLJHEABO@Alignment?5Check?$AA@ c0001a50     exception.obj
 0002:00000260       ??_C@_0O@LALCKNGJ@Machine?5Check?$AA@ c0001a60     exception.obj
 0002:00000270       ??_C@_0P@JHGCNKG@FPU?5SIMD?5fault?$AA@ c0001a70     exception.obj
 0002:00000280       ??_C@_0BJE@DIIIEOKN@?5?5?5?5?5?5?5?5?5?5?5?5?5?5?5?5?5?5?5?5?5?5?5?5?5?5?5?5?5?5?5?5@ c0001a80     panic.obj
 0002:00000414       ??_C@_0N@PFILFPHL@?$CK?$CK?$CK?5STOP?3?5?$CFs?$AA@ c0001c14     panic.obj
 0002:00000428       ??_C@_0BCE@IIDFFEFH@We?5apologize?0?5MOS?5has?5encountere@ c0001c28     panic.obj
 0003:00000000       ?__xc_a@@3PAP6AXXZA        c0001e00     Lib:cstd.obj
 0003:00000004       ?__xc_z@@3PAP6AXXZA        c0001e04     Lib:cstd.obj
 0003:00000008       ?strMemoryTypes@@3PAPADA   c0001e08     main.obj
 0003:00000018       ?video_memory@@3PAGA       c0001e18     DebugDisplay.obj
 0003:0000001c       ?bchars@@3PADA             c0001e1c     DebugDisplay.obj
 0003:00000034       __fltused                  c0001e34     Lib:cstd.obj
 0003:00000038       ?kernelSize@@3IA           c0001e38     main.obj
 0003:0000003c       ?size@@3IA                 c0001e3c     main.obj
 0003:00000040       ?tbuf@@3PADA               c0001e40     DebugDisplay.obj
 0003:00000060       ?cursor_x@@3EA             c0001e60     DebugDisplay.obj
 0003:00000061       ?cursor_y@@3EA             c0001e61     DebugDisplay.obj
 0003:00000062       ?_color@@3EA               c0001e62     DebugDisplay.obj
 0003:00000074       ?_cur_directory@@3PAUpdirectory@@A c0001e74     mmngr_virtual.obj
 0003:00000078       ?_cur_pdbr@@3IA            c0001e78     mmngr_virtual.obj

 entry point at        0000:00000000

 Static symbols

 0001:00001000       ?i86_default_handler@@YAXXZ c0001400 f   Hal:idt.obj
