 KRNL32

 Timestamp is 4c6ac38d (Tue Aug 17 13:14:53 2010)

 Preferred load address is c0000000

 Start         Length     Name                   Class
 0001:00000000 00001bf5H .text                   CODE
 0002:00000000 0000060cH .rdata                  DATA
 0003:00000000 00000004H .CRT$XCA                DATA
 0003:00000004 00000004H .CRT$XCZ                DATA
 0003:00000008 0000016cH .data                   DATA
 0003:00000178 000008b0H .bss                    DATA
 0004:00000000 00000058H .rsrc$01                DATA
 0004:00000060 000003c0H .rsrc$02                DATA

  Address         Publics by Value              Rva+Base       Lib:Object

 0000:00000000       ___safe_se_handler_count   00000000     <absolute>
 0000:00000000       ___safe_se_handler_table   00000000     <absolute>
 0001:00000000       ?kernel_entry@@YAXPAUmultiboot_info@@@Z c0000400 f   entry.obj
 0001:00000040       ?init@@YAXPAUmultiboot_info@@@Z c0000440 f   main.obj
 0001:000001c0       ?get_cmd@@YAXPADH@Z        c00005c0 f   main.obj
 0001:000002e0       ?run_cmd@@YA_NPAD@Z        c00006e0 f   main.obj
 0001:00000390       ?kmain@@YAHPAUmultiboot_info@@@Z c0000790 f   main.obj
 0001:00000410       ?scroll@@YAXXZ             c0000810 f   DebugDisplay.obj
 0001:00000480       ?DebugPutc@@YAXE@Z         c0000880 f   DebugDisplay.obj
 0001:00000520       ?itoa@@YAXIIPAD@Z          c0000920 f   DebugDisplay.obj
 0001:00000590       ?DebugSetColor@@YAII@Z     c0000990 f   DebugDisplay.obj
 0001:000005b0       ?DebugGotoXY@@YAXII@Z      c00009b0 f   DebugDisplay.obj
 0001:000005e0       ?DebugGetXY@@YAXPAI0@Z     c00009e0 f   DebugDisplay.obj
 0001:00000610       ?DebugGetHorz@@YAHXZ       c0000a10 f   DebugDisplay.obj
 0001:00000620       ?DebugClrScr@@YAXE@Z       c0000a20 f   DebugDisplay.obj
 0001:00000670       ?DebugPuts@@YAXPAD@Z       c0000a70 f   DebugDisplay.obj
 0001:000006b0       ?DebugPrintf@@YAHPBDZZ     c0000ab0 f   DebugDisplay.obj
 0001:00000860       ?divide_by_zero_fault@@YAXIIII@Z c0000c60 f   exception.obj
 0001:00000890       ?single_step_trap@@YAXIII@Z c0000c90 f   exception.obj
 0001:000008b0       ?nmi_trap@@YAXIII@Z        c0000cb0 f   exception.obj
 0001:000008d0       ?breakpoint_trap@@YAXIII@Z c0000cd0 f   exception.obj
 0001:000008f0       ?overflow_trap@@YAXIII@Z   c0000cf0 f   exception.obj
 0001:00000910       ?bounds_check_fault@@YAXIII@Z c0000d10 f   exception.obj
 0001:00000930       ?invalid_opcode_fault@@YAXIII@Z c0000d30 f   exception.obj
 0001:00000950       ?no_device_fault@@YAXIII@Z c0000d50 f   exception.obj
 0001:00000970       ?double_fault_abort@@YAXIIII@Z c0000d70 f   exception.obj
 0001:00000990       ?invalid_tss_fault@@YAXIIII@Z c0000d90 f   exception.obj
 0001:000009b0       ?no_segment_fault@@YAXIIII@Z c0000db0 f   exception.obj
 0001:000009d0       ?stack_fault@@YAXIIII@Z    c0000dd0 f   exception.obj
 0001:000009f0       ?general_protection_fault@@YAXIIII@Z c0000df0 f   exception.obj
 0001:00000a10       ?page_fault@@YAXIIII@Z     c0000e10 f   exception.obj
 0001:00000a30       ?fpu_fault@@YAXIII@Z       c0000e30 f   exception.obj
 0001:00000a50       ?alignment_check_fault@@YAXIIII@Z c0000e50 f   exception.obj
 0001:00000a70       ?machine_check_abort@@YAXIII@Z c0000e70 f   exception.obj
 0001:00000a90       ?simd_fpu_fault@@YAXIII@Z  c0000e90 f   exception.obj
 0001:00000ab0       ?pmmngr_init_region@@YAXII@Z c0000eb0 f   mmngr_phys.obj
 0001:00000b20       ?pmmngr_deinit_region@@YAXII@Z c0000f20 f   mmngr_phys.obj
 0001:00000b90       ?pmmngr_paging_enable@@YAX_N@Z c0000f90 f   mmngr_phys.obj
 0001:00000bc0       ?pmmngr_load_PDBR@@YAXI@Z  c0000fc0 f   mmngr_phys.obj
 0001:00000bd0       ?mmap_first_free@@YAHXZ    c0000fd0 f   mmngr_phys.obj
 0001:00000c20       ?mmap_first_free_s@@YAHI@Z c0001020 f   mmngr_phys.obj
 0001:00000d30       ?pmmngr_init@@YAXII@Z      c0001130 f   mmngr_phys.obj
 0001:00000d70       ?pmmngr_alloc_block@@YAPAXXZ c0001170 f   mmngr_phys.obj
 0001:00000dd0       ?pmmngr_alloc_blocks@@YAPAXI@Z c00011d0 f   mmngr_phys.obj
 0001:00000e50       ?vmmngr_initialize@@YAXXZ  c0001250 f   mmngr_virtual.obj
 0001:00000fa0       ?kernel_panic@@YAXPBDZZ    c00013a0 f   panic.obj
 0001:00000ff0       ?pt_entry_add_attrib@@YAXPAII@Z c00013f0 f i vmmngr_pte.obj
 0001:00000ff0       ?pd_entry_add_attrib@@YAXPAII@Z c00013f0 f i vmmngr_pde.obj
 0001:00001000       ?pd_entry_set_frame@@YAXPAII@Z c0001400 f i vmmngr_pde.obj
 0001:00001000       ?pt_entry_set_frame@@YAXPAII@Z c0001400 f i vmmngr_pte.obj
 0001:00001020       ?kkybrd_set_leds@@YAX_N00@Z c0001420 f   keyboard:kybrd.obj
 0001:00001080       ?kkybrd_get_last_key@@YA?AW4KEYCODE@@XZ c0001480 f   keyboard:kybrd.obj
 0001:000010a0       ?kkybrd_discard_last_key@@YAXXZ c00014a0 f   keyboard:kybrd.obj
 0001:000010b0       ?kkybrd_key_to_ascii@@YADW4KEYCODE@@@Z c00014b0 f   keyboard:kybrd.obj
 0001:000011f0       ?i86_kybrd_irq@@YAXXZ      c00015f0 f   keyboard:kybrd.obj
 0001:000013d0       ?kkybrd_install@@YAXH@Z    c00017d0 f   keyboard:kybrd.obj
 0001:00001450       ?Exit@@YAXXZ               c0001850 f   lib:cstd.obj
 0001:00001490       ?InitializeConstructors@@YAXXZ c0001890 f   lib:cstd.obj
 0001:000014d0       ?strcmp@@YAHPBD0@Z         c00018d0 f   lib:string.obj
 0001:00001510       ?strcpy@@YAPADPADPBD@Z     c0001910 f   lib:string.obj
 0001:00001530       ?strlen@@YAIPBD@Z          c0001930 f   lib:string.obj
 0001:00001550       ?memset@@YAPAXPAXDI@Z      c0001950 f   lib:string.obj
 0001:00001570       ?hal_shutdown@@YAHXZ       c0001970 f   hal:Hal.obj
 0001:00001580       ?geninterrupt@@YAXH@Z      c0001980 f   hal:Hal.obj
 0001:000015a0       ?inportb@@YAEG@Z           c00019a0 f   hal:Hal.obj
 0001:000015b0       ?outportb@@YAXGE@Z         c00019b0 f   hal:Hal.obj
 0001:000015c0       ?enable@@YAXXZ             c00019c0 f   hal:Hal.obj
 0001:000015d0       ?disable@@YAXXZ            c00019d0 f   hal:Hal.obj
 0001:000015e0       ?setvect@@YAXHA6AXXZ@Z     c00019e0 f   hal:Hal.obj
 0001:00001600       ?getvect@@YAP6AXXZH@Z      c0001a00 f   hal:Hal.obj
 0001:00001630       ?get_cpu_vender@@YAPBDXZ   c0001a30 f   hal:Hal.obj
 0001:00001640       ?get_tick_count@@YAHXZ     c0001a40 f   hal:Hal.obj
 0001:00001650       ?hal_initialize@@YAHXZ     c0001a50 f   hal:Hal.obj
 0001:00001680       ?sound@@YAXI@Z             c0001a80 f   hal:Hal.obj
 0001:000016a0       ?interruptdone@@YAXI@Z     c0001aa0 f i hal:Hal.obj
 0001:000016d0       ?i86_cpu_initialize@@YAHXZ c0001ad0 f   hal:cpu.obj
 0001:000016f0       ?i86_cpu_shutdown@@YAXXZ   c0001af0 f   hal:cpu.obj
 0001:00001700       ?i86_cpu_get_vender@@YAPADXZ c0001b00 f   hal:cpu.obj
 0001:00001730       ?i86_cpu_flush_caches@@YAXXZ c0001b30 f   hal:cpu.obj
 0001:00001740       ?i86_cpu_flush_caches_write@@YAXXZ c0001b40 f   hal:cpu.obj
 0001:00001750       ?i86_cpu_flush_tlb_entry@@YAXI@Z c0001b50 f   hal:cpu.obj
 0001:00001760       ?i86_pic_send_command@@YAXEE@Z c0001b60 f i hal:pic.obj
 0001:00001790       ?i86_pic_initialize@@YAXEE@Z c0001b90 f   hal:pic.obj
 0001:00001820       ?i86_get_ir@@YAPAUidt_descriptor@@I@Z c0001c20 f   hal:idt.obj
 0001:00001840       ?i86_install_ir@@YAHIGGP6AXXZ@Z c0001c40 f   hal:idt.obj
 0001:00001890       ?i86_idt_initialize@@YAHG@Z c0001c90 f   hal:idt.obj
 0001:00001920       ?i86_pit_irq@@YAXXZ        c0001d20 f   hal:pit.obj
 0001:00001940       ?i86_pit_set_tick_count@@YAII@Z c0001d40 f   hal:pit.obj
 0001:00001950       ?i86_pit_get_tick_count@@YAIXZ c0001d50 f   hal:pit.obj
 0001:00001960       ?i86_pit_send_command@@YAXE@Z c0001d60 f   hal:pit.obj
 0001:00001970       ?i86_pit_send_data@@YAXGE@Z c0001d70 f   hal:pit.obj
 0001:000019b0       ?i86_pit_read_data@@YAEG@Z c0001db0 f   hal:pit.obj
 0001:000019e0       ?i86_pit_start_counter@@YAXIEE@Z c0001de0 f   hal:pit.obj
 0001:00001a40       ?i86_pit_initialize@@YAXXZ c0001e40 f   hal:pit.obj
 0001:00001a60       ?i86_pit_is_initialized@@YA_NXZ c0001e60 f   hal:pit.obj
 0001:00001a80       ?gdt_set_descriptor@@YAXI_K0EE@Z c0001e80 f   hal:gdt.obj
 0001:00001b10       ?i86_gdt_get_descriptor@@YAPAUgdt_descriptor@@H@Z c0001f10 f   hal:gdt.obj
 0001:00001b30       ?i86_gdt_initialize@@YAHXZ c0001f30 f   hal:gdt.obj
 0002:00000000       ??_C@_0DB@CDMKGOAJ@?6kernel_entry?3?5shutdown?5complete@ c0002000     entry.obj
 0002:00000034       ??_C@_0L@MLJAOFLB@?6Command?$DO?5?$AA@ c0002034     main.obj
 0002:00000040       ??_C@_0BA@CIFAFMB@?6Unkown?5command?$AA@ c0002040     main.obj
 0002:00000050       ??_C@_0CA@LKFEMAAC@?5?9?5help?3?5displays?5this?5message?6?$AA@ c0002050     main.obj
 0002:00000070       ??_C@_0BM@JJGNGCAH@?5?9?5cls?3?5clears?5the?5display?6?$AA@ c0002070     main.obj
 0002:0000008c       ??_C@_0CF@IDBIJBJM@?5?9?5exit?3?5quits?5and?5halts?5the?5sys@ c000208c     main.obj
 0002:000000b4       ??_C@_0BF@EGIGJNNM@Supported?5commands?3?6?$AA@ c00020b4     main.obj
 0002:000000cc       ??_C@_0CN@GGDDPPOH@?6with?5a?5basic?5Command?5Line?5Inter@ c00020cc     main.obj
 0002:000000fc       ??_C@_0DB@CGIJOHHI@?6OS?5Development?5Series?5Keyboard?5@ c00020fc     main.obj
 0002:00000130       ??_C@_04PCJFHION@help?$AA@ c0002130     main.obj
 0002:00000138       ??_C@_03LCPHGAHP@cls?$AA@  c0002138     main.obj
 0002:0000013c       ??_C@_04MKNBDEPB@exit?$AA@ c000213c     main.obj
 0002:00000144       ??_C@_0CE@DNKFOACM@?6Exit?5command?5recieved?$DL?5demo?5hal@ c0002144     main.obj
 0002:00000168       ??_C@_0DL@FPFEFPFC@?$CL?9?9?9?9?9?9?9?9?9?9?9?9?9?9?9?9?9?9?9?9?9?9?9?9?9?9?9?9?9?9?9@ c0002168     main.obj
 0002:000001a4       ??_C@_0DF@BBBHLI@?6Type?5?$CCexit?$CC?5to?5quit?0?5?$CChelp?$CC?5for@ c00021a4     main.obj
 0002:000001dc       ??_C@_0BL@KACLMEDG@OSDev?5Series?5Keyboard?5Demo?$AA@ c00021dc     main.obj
 0002:000001f8       ??_C@_0EG@EFLEAAGH@Divide?5by?50?5at?5physical?5address?5@ c00021f8     exception.obj
 0002:00000240       ??_C@_0M@HBBAMPBG@Single?5step?$AA@ c0002240     exception.obj
 0002:0000024c       ??_C@_08MAEPCHJN@NMI?5trap?$AA@ c000224c     exception.obj
 0002:00000258       ??_C@_0BA@MJDBKJBI@Breakpoint?5trap?$AA@ c0002258     exception.obj
 0002:00000268       ??_C@_0O@NPIPDPLG@Overflow?5trap?$AA@ c0002268     exception.obj
 0002:00000278       ??_C@_0BD@OAFDEGEK@Bounds?5check?5fault?$AA@ c0002278     exception.obj
 0002:0000028c       ??_C@_0P@GJJPHHDN@Invalid?5opcode?$AA@ c000228c     exception.obj
 0002:0000029c       ??_C@_0BB@KJJKIIDM@Device?5not?5found?$AA@ c000229c     exception.obj
 0002:000002b0       ??_C@_0N@EMHPBCJE@Double?5fault?$AA@ c00022b0     exception.obj
 0002:000002c0       ??_C@_0M@OLMALBPG@Invalid?5TSS?$AA@ c00022c0     exception.obj
 0002:000002cc       ??_C@_0BA@FIBIGBGL@Invalid?5segment?$AA@ c00022cc     exception.obj
 0002:000002dc       ??_C@_0M@LEEDKLOB@Stack?5fault?$AA@ c00022dc     exception.obj
 0002:000002e8       ??_C@_0BJ@JKJOCMHH@General?5Protection?5Fault?$AA@ c00022e8     exception.obj
 0002:00000304       ??_C@_09ENEAMLC@FPU?5Fault?$AA@ c0002304     exception.obj
 0002:00000310       ??_C@_0BA@DLJHEABO@Alignment?5Check?$AA@ c0002310     exception.obj
 0002:00000320       ??_C@_0O@LALCKNGJ@Machine?5Check?$AA@ c0002320     exception.obj
 0002:00000330       ??_C@_0P@JHGCNKG@FPU?5SIMD?5fault?$AA@ c0002330     exception.obj
 0002:00000340       ??_C@_0BJE@DIIIEOKN@?5?5?5?5?5?5?5?5?5?5?5?5?5?5?5?5?5?5?5?5?5?5?5?5?5?5?5?5?5?5?5?5@ c0002340     panic.obj
 0002:000004d4       ??_C@_0N@PFILFPHL@?$CK?$CK?$CK?5STOP?3?5?$CFs?$AA@ c00024d4     panic.obj
 0002:000004e8       ??_C@_0BCE@IIDFFEFH@We?5apologize?0?5MOS?5has?5encountere@ c00024e8     panic.obj
 0003:00000000       ?__xc_a@@3PAP6AXXZA        c0002800     lib:cstd.obj
 0003:00000004       ?__xc_z@@3PAP6AXXZA        c0002804     lib:cstd.obj
 0003:00000008       ?video_memory@@3PAGA       c0002808     DebugDisplay.obj
 0003:0000000c       ?bchars@@3PADA             c000280c     DebugDisplay.obj
 0003:00000170       __fltused                  c0002970     lib:cstd.obj
 0003:00000178       ?kernelSize@@3IA           c0002978     main.obj
 0003:00000184       ?tbuf@@3PADA               c0002984     DebugDisplay.obj
 0003:000001a4       ?cursor_x@@3EA             c00029a4     DebugDisplay.obj
 0003:000001a5       ?cursor_y@@3EA             c00029a5     DebugDisplay.obj
 0003:000001a6       ?_color@@3EA               c00029a6     DebugDisplay.obj
 0003:000001b8       ?_cur_directory@@3PAUpdirectory@@A c00029b8     mmngr_virtual.obj
 0003:000001bc       ?_cur_pdbr@@3IA            c00029bc     mmngr_virtual.obj

 entry point at        0000:00000000

 Static symbols

 0001:00001800       ?idt_install@@YAXXZ        c0001c00 f   hal:idt.obj
 0001:00001810       ?i86_default_handler@@YAXXZ c0001c10 f   hal:idt.obj
 0001:00001a70       ?gdt_install@@YAXXZ        c0001e70 f   hal:gdt.obj
